Microchip MPLAB XC8 Compiler V1.20 ()

Linker command line:

--edf=C:\Program Files (x86)\Microchip\xc8\v1.20\dat\en_msgs.txt -cs \
  -h+dist/default/production\Bench.X.production.sym \
  --cmf=dist/default/production\Bench.X.production.cmf -z -Q18F45K80 \
  -oC:\Users\BRANDO~1.WAL\AppData\Local\Temp\s2a5o.6 \
  -Mdist/default/production/Bench.X.production.map -E1 -ver=XC8 \
  -ACODE=00h-07FFFh -ACONST=00h-07FFFh -ASMALLCONST=0F00h-0FFFhx113 \
  -AMEDIUMCONST=0F00h-07FFFh -ACOMRAM=01h-05Fh -AABS1=00h-0E40h \
  -ABIGRAM=01h-0E40h -ARAM=060h-0FFh,0100h-01FFhx13,0E00h-0E40h \
  -ABANK0=060h-0FFh -ABANK1=0100h-01FFh -ABANK2=0200h-02FFh \
  -ABANK3=0300h-03FFh -ABANK4=0400h-04FFh -ABANK5=0500h-05FFh \
  -ABANK6=0600h-06FFh -ABANK7=0700h-07FFh -ABANK8=0800h-08FFh \
  -ABANK9=0900h-09FFh -ABANK10=0A00h-0AFFh -ABANK11=0B00h-0BFFh \
  -ABANK12=0C00h-0CFFh -ABANK13=0D00h-0DFFh -ABANK14=0E00h-0E40h \
  -ASFR=0E41h-0EFFh,0F00h-0F5Fh,0F60h-0FFFh \
  -preset_vec=00h,intcode,intcodelo,powerup,init,end_init -pramtop=0F00h \
  -psmallconst=SMALLCONST -pmediumconst=MEDIUMCONST -pconst=CONST \
  -AFARRAM=00h-00h -ACONFIG=0300000h-030000Dh -pconfig=CONFIG \
  -AIDLOC=0200000h-0200007h -pidloc=IDLOC -AEEDATA=0F00000h-0F003FFh \
  -peeprom_data=EEDATA \
  -prdata=COMRAM,nvrram=COMRAM,nvbit=COMRAM,rbss=COMRAM,rbit=COMRAM \
  -pfarbss=FARRAM,fardata=FARRAM,nvFARRAM=FARRAM \
  -pintsave_regs=BIGRAM,bigbss=BIGRAM,bigdata=BIGRAM -pbss=RAM \
  -pidata=CODE,irdata=CODE,ibigdata=CODE,ifardata=CODE \
  C:\Users\BRANDO~1.WAL\AppData\Local\Temp\s2a5o.obj \
  dist/default/production\Bench.X.production.obj 

Object code version is 3.11

Machine type is 18F45K80

Call graph: (short form)




                Name                               Link     Load   Length Selector   Space Scale
C:\Users\BRANDO~1.WAL\AppData\Local\Temp\s2a5o.obj
                end_init                              0        0        4        0       0
                idloc                            200000   200000        8   200000       0
                config                           300000   300000        E   300000       0
dist/default/production\Bench.X.production.obj
                text5                              7EF0     7EF0      110     3F78       0
                text4                              7D34     7D34       28     3E9A       0
                text3                              7DB6     7DB6       98     3EDB       0
                text2                              7D5C     7D5C       5A     3EAE       0
                text1                              7E4E     7E4E       A2     3F27       0
                cstackCOMRAM                         12       12        5        1       1
                bssCOMRAM                             1        1       11        1       1
                cinit                              7D22     7D22       12     3E91       0
                text0                              7D16     7D16        C     3E8B       0

TOTAL           Name                               Link     Load   Length     Space
        CLASS   CODE           
                end_init                              0        0        4         0
                text5                              7EF0     7EF0      110         0
                text4                              7D34     7D34       28         0
                text3                              7DB6     7DB6       98         0
                text2                              7D5C     7D5C       5A         0
                text1                              7E4E     7E4E       A2         0
                cinit                              7D22     7D22       12         0
                text0                              7D16     7D16        C         0

        CLASS   CONST          

        CLASS   SMALLCONST     

        CLASS   MEDIUMCONST    

        CLASS   COMRAM         
                cstackCOMRAM                         12       12        5         1
                bssCOMRAM                             1        1       11         1

        CLASS   ABS1           

        CLASS   BIGRAM         

        CLASS   RAM            

        CLASS   BANK0          

        CLASS   BANK1          

        CLASS   BANK2          

        CLASS   BANK3          

        CLASS   BANK4          

        CLASS   BANK5          

        CLASS   BANK6          

        CLASS   BANK7          

        CLASS   BANK8          

        CLASS   BANK9          

        CLASS   BANK10         

        CLASS   BANK11         

        CLASS   BANK12         

        CLASS   BANK13         

        CLASS   BANK14         

        CLASS   SFR            

        CLASS   FARRAM         

        CLASS   CONFIG         
                config                           300000   300000        E         0

        CLASS   IDLOC          
                idloc                            200000   200000        8         0

        CLASS   EEDATA         



SEGMENTS        Name                           Load    Length   Top    Selector   Space  Class

                reset_vec                      000000  000004  000004         0       0  CODE    
                bssCOMRAM                      000001  000016  000017         1       1  COMRAM  
                text0                          007D16  00000C  007D22      3E8B       0  CODE    
                cinit                          007D22  000012  007D34      3E91       0  CODE    
                text4                          007D34  000028  007D5C      3E9A       0  CODE    
                text2                          007D5C  00005A  007DB6      3EAE       0  CODE    
                text3                          007DB6  000098  007E4E      3EDB       0  CODE    
                text1                          007E4E  0000A2  007EF0      3F27       0  CODE    
                text5                          007EF0  000110  008000      3F78       0  CODE    
                idloc                          200000  000008  200008    200000       0  IDLOC   
                config                         300000  00000E  30000E    300000       0  CONFIG  


UNUSED ADDRESS RANGES

        Name                Unused          Largest block    Delta
        BANK0            000060-0000FF               A0
        BANK1            000100-0001FF              100
        BANK10           000A00-000AFF              100
        BANK11           000B00-000BFF              100
        BANK12           000C00-000CFF              100
        BANK13           000D00-000DFF              100
        BANK14           000E00-000E40               41
        BANK2            000200-0002FF              100
        BANK3            000300-0003FF              100
        BANK4            000400-0004FF              100
        BANK5            000500-0005FF              100
        BANK6            000600-0006FF              100
        BANK7            000700-0007FF              100
        BANK8            000800-0008FF              100
        BANK9            000900-0009FF              100
        BIGRAM           000017-000E40              E2A
        CODE             000004-007D15             7D12
        COMRAM           000017-00005F               49
        CONST            000004-007D15             7D12
        EEDATA           F00000-F003FF              400
        MEDIUMCONST      000F00-007D15             6E16
        RAM              000060-000E40              100
        SFR              000E41-000FFF               BF
        SMALLCONST       000F00-007D15              100

                                  Symbol Table

ProcessCAN@Temp               cstackCOMRAM 000016
ProcessCANTransmits@State     cstackCOMRAM 000013
_BRGCON1                      (abs)        000E43
_BRGCON2                      (abs)        000E44
_BRGCON3                      (abs)        000E45
_BSEL0                        (abs)        000E7D
_CANCON                       (abs)        000F6F
_CANSTATbits                  (abs)        000F6E
_CAN_Receive                  text3        007DB6
_CAN_Setup                    text5        007EF0
_CIOCONbits                   (abs)        000F70
_ECANCON                      (abs)        000F72
_LATA                         (abs)        000F89
_LATB                         (abs)        000F8A
_LATC                         (abs)        000F8B
_LATCbits                     (abs)        000F8B
_LATD                         (abs)        000F8C
_LATDbits                     (abs)        000F8C
_LATE                         (abs)        000F8D
_MSEL0                        (abs)        000E79
_MSEL1                        (abs)        000E7A
_MSEL2                        (abs)        000E7B
_MSEL3                        (abs)        000E7C
_Message                      bssCOMRAM    000005
_OSCCON                       (abs)        000FD3
_PIR5bits                     (abs)        000F77
_ProcessCAN                   text1        007E4E
_ProcessCANTransmits          text2        007D5C
_RXB0CON                      (abs)        000F60
_RXB0CONbits                  (abs)        000F60
_RXB0D0                       (abs)        000F66
_RXB0D1                       (abs)        000F67
_RXB0D2                       (abs)        000F68
_RXB0D3                       (abs)        000F69
_RXB0D4                       (abs)        000F6A
_RXB0D5                       (abs)        000F6B
_RXB0D6                       (abs)        000F6C
_RXB0D7                       (abs)        000F6D
_RXB0DLC                      (abs)        000F65
_RXB0EIDH                     (abs)        000F63
_RXB0EIDL                     (abs)        000F64
_RXB0SIDH                     (abs)        000F61
_RXB0SIDL                     (abs)        000F62
_RXB1CON                      (abs)        000F30
_RXF0EIDH                     (abs)        000EE2
_RXF0EIDL                     (abs)        000EE3
_RXF0SIDH                     (abs)        000EE0
_RXF0SIDL                     (abs)        000EE1
_RXFBCON0                     (abs)        000E71
_RXFBCON1                     (abs)        000E72
_RXFBCON2                     (abs)        000E73
_RXFBCON3                     (abs)        000E74
_RXFBCON4                     (abs)        000E75
_RXFBCON5                     (abs)        000E76
_RXFBCON6                     (abs)        000E77
_RXFBCON7                     (abs)        000E78
_RXFCON0                      (abs)        000E46
_RXFCON1                      (abs)        000E47
_RXM0EIDH                     (abs)        000EFA
_RXM0EIDL                     (abs)        000EFB
_RXM0SIDH                     (abs)        000EF8
_RXM0SIDL                     (abs)        000EF9
_RXM1EIDH                     (abs)        000EFE
_RXM1EIDL                     (abs)        000EFF
_RXM1SIDH                     (abs)        000EFC
_RXM1SIDL                     (abs)        000EFD
_Setup                        text4        007D34
_TRISBbits                    (abs)        000F93
_TRISC                        (abs)        000F94
_TRISD                        (abs)        000F95
_TXB0CONbits                  (abs)        000F20
_TXB0D0                       (abs)        000F26
_TXB0D1                       (abs)        000F27
_TXB0D2                       (abs)        000F28
_TXB0D3                       (abs)        000F29
_TXB0D4                       (abs)        000F2A
_TXB0D5                       (abs)        000F2B
_TXB0D6                       (abs)        000F2C
_TXB0D7                       (abs)        000F2D
_TXB0DLC                      (abs)        000F25
_TXB0EIDH                     (abs)        000F23
_TXB0EIDL                     (abs)        000F24
_TXB0SIDH                     (abs)        000F21
_TXB0SIDL                     (abs)        000F22
_TransmitCounter              bssCOMRAM    000001
__CFG_WDTEN$OFF               (abs)        000000
__CFG_XINST$OFF               (abs)        000000
__HRAM                        (abs)        000000
__Habs1                       abs1         000000
__Hbank0                      bank0        000000
__Hbank1                      bank1        000000
__Hbank10                     bank10       000000
__Hbank11                     bank11       000000
__Hbank12                     bank12       000000
__Hbank13                     bank13       000000
__Hbank14                     bank14       000000
__Hbank2                      bank2        000000
__Hbank3                      bank3        000000
__Hbank4                      bank4        000000
__Hbank5                      bank5        000000
__Hbank6                      bank6        000000
__Hbank7                      bank7        000000
__Hbank8                      bank8        000000
__Hbank9                      bank9        000000
__Hbigbss                     bigbss       000000
__Hbigdata                    bigdata      000000
__Hbigram                     bigram       000000
__Hbss                        bss          000000
__HbssCOMRAM                  bssCOMRAM    000000
__Hcinit                      cinit        000000
__Hclrtext                    clrtext      000000
__Hcomram                     comram       000000
__Hconfig                     config       30000E
__Hconst                      const        000000
__HcstackCOMRAM               cstackCOMRAM 000000
__Hdata                       data         000000
__Heeprom_data                eeprom_data  000000
__Hend_init                   end_init     000004
__Hfarbss                     farbss       000000
__Hfardata                    fardata      000000
__Hibigdata                   ibigdata     000000
__Hidata                      idata        000000
__Hidloc                      idloc        200008
__Hifardata                   ifardata     000000
__Hinit                       init         000000
__Hintcode                    intcode      000000
__Hintcode_body               intcode_body 000000
__Hintcodelo                  intcodelo    000000
__Hintentry                   intentry     000000
__Hintret                     intret       000000
__Hintsave_regs               intsave_regs 000000
__Hirdata                     irdata       000000
__Hmediumconst                mediumconst  000000
__HnvFARRAM                   nvFARRAM     000000
__Hnvbit                      nvbit        000000
__Hnvrram                     nvrram       000000
__Hparam                      rparam       000000
__Hpowerup                    powerup      000000
__Hram                        ram          000000
__Hramtop                     ramtop       000F00
__Hrbit                       rbit         000000
__Hrbss                       rbss         000000
__Hrdata                      rdata        000000
__Hreset_vec                  reset_vec    000000
__Hrparam                     rparam       000000
__Hsfr                        sfr          000000
__Hsmallconst                 smallconst   000000
__Hstruct                     struct       000000
__Htemp                       temp         000000
__Htext                       text         000000
__Htext0                      text0        000000
__Htext1                      text1        000000
__Htext2                      text2        000000
__Htext3                      text3        000000
__Htext4                      text4        000000
__Htext5                      text5        000000
__LRAM                        (abs)        000001
__Labs1                       abs1         000000
__Lbank0                      bank0        000000
__Lbank1                      bank1        000000
__Lbank10                     bank10       000000
__Lbank11                     bank11       000000
__Lbank12                     bank12       000000
__Lbank13                     bank13       000000
__Lbank14                     bank14       000000
__Lbank2                      bank2        000000
__Lbank3                      bank3        000000
__Lbank4                      bank4        000000
__Lbank5                      bank5        000000
__Lbank6                      bank6        000000
__Lbank7                      bank7        000000
__Lbank8                      bank8        000000
__Lbank9                      bank9        000000
__Lbigbss                     bigbss       000000
__Lbigdata                    bigdata      000000
__Lbigram                     bigram       000000
__Lbss                        bss          000000
__LbssCOMRAM                  bssCOMRAM    000000
__Lcinit                      cinit        000000
__Lclrtext                    clrtext      000000
__Lcomram                     comram       000000
__Lconfig                     config       300000
__Lconst                      const        000000
__LcstackCOMRAM               cstackCOMRAM 000000
__Ldata                       data         000000
__Leeprom_data                eeprom_data  000000
__Lend_init                   end_init     000000
__Lfarbss                     farbss       000000
__Lfardata                    fardata      000000
__Libigdata                   ibigdata     000000
__Lidata                      idata        000000
__Lidloc                      idloc        200000
__Lifardata                   ifardata     000000
__Linit                       init         000000
__Lintcode                    intcode      000000
__Lintcode_body               intcode_body 000000
__Lintcodelo                  intcodelo    000000
__Lintentry                   intentry     000000
__Lintret                     intret       000000
__Lintsave_regs               intsave_regs 000000
__Lirdata                     irdata       000000
__Lmediumconst                mediumconst  000000
__LnvFARRAM                   nvFARRAM     000000
__Lnvbit                      nvbit        000000
__Lnvrram                     nvrram       000000
__Lparam                      rparam       000000
__Lpowerup                    powerup      000000
__Lram                        ram          000000
__Lramtop                     ramtop       000F00
__Lrbit                       rbit         000000
__Lrbss                       rbss         000000
__Lrdata                      rdata        000000
__Lreset_vec                  reset_vec    000000
__Lrparam                     rparam       000000
__Lsfr                        sfr          000000
__Lsmallconst                 smallconst   000000
__Lstruct                     struct       000000
__Ltemp                       temp         000000
__Ltext                       text         000000
__Ltext0                      text0        000000
__Ltext1                      text1        000000
__Ltext2                      text2        000000
__Ltext3                      text3        000000
__Ltext4                      text4        000000
__Ltext5                      text5        000000
__S0                          (abs)        30000E
__S1                          (abs)        000017
__accesstop                   (abs)        000060
__activetblptr                (abs)        000000
__end_of_CAN_Receive          text3        007E4E
__end_of_CAN_Setup            text5        008000
__end_of_ProcessCAN           text1        007EF0
__end_of_ProcessCANTransmits  text2        007DB6
__end_of_Setup                text4        007D5C
__end_of__initialization      cinit        007D2E
__end_of_main                 text0        007D22
__initialization              cinit        007D22
__mediumconst                 mediumconst  000000
__pbssCOMRAM                  bssCOMRAM    000001
__pcinit                      cinit        007D22
__pcstackCOMRAM               cstackCOMRAM 000012
__ptext0                      text0        007D16
__ptext1                      text1        007E4E
__ptext2                      text2        007D5C
__ptext3                      text3        007DB6
__ptext4                      text4        007D34
__ptext5                      text5        007EF0
__ramtop                      ramtop       000F00
__size_of_CAN_Receive         (abs)        000000
__size_of_CAN_Setup           (abs)        000000
__size_of_ProcessCAN          (abs)        000000
__size_of_ProcessCANTransmits (abs)        000000
__size_of_Setup               (abs)        000000
__size_of_main                (abs)        000000
__smallconst                  smallconst   000000
_main                         text0        007D16
end_of_initialization         cinit        007D2E
intlevel0                     text         000000
intlevel1                     text         000000
intlevel2                     text         000000
intlevel3                     text         000000
start                         init         000000
start_initialization          cinit        007D22


FUNCTION INFORMATION:

 *************** function _main *****************
 Defined at:
		line 23 in file "main.c"
 Parameters:    Size  Location     Type
		None
 Auto vars:     Size  Location     Type
		None
 Return value:  Size  Location     Type
		None               void
 Registers used:
		wreg, status,2, status,0, cstack
 Tracked objects:
		On entry : 
		On exit  : 
		Unchanged: 
 Data sizes:     COMRAM   BANK0   BANK1   BANK2   BANK3   BANK4   BANK5   BANK6   BANK7   BANK8   BANK9  BANK10  BANK11  BANK12  BANK13  BANK14
      Params:         0       0       0       0       0       0       0       0       0       0       0       0       0       0       0       0
      Locals:         0       0       0       0       0       0       0       0       0       0       0       0       0       0       0       0
      Temps:          0       0       0       0       0       0       0       0       0       0       0       0       0       0       0       0
      Totals:         0       0       0       0       0       0       0       0       0       0       0       0       0       0       0       0
Total ram usage:        0 bytes
 Hardware stack levels required when called:    2
 This function calls:
		_Setup
		_ProcessCAN
 This function is called by:
		Startup code after reset
 This function uses a non-reentrant model


 *************** function _ProcessCAN *****************
 Defined at:
		line 8 in file "ProcessCAN.c"
 Parameters:    Size  Location     Type
		None
 Auto vars:     Size  Location     Type
  Temp            1    4[COMRAM] unsigned char 
 Return value:  Size  Location     Type
		None               void
 Registers used:
		wreg, status,2, status,0, cstack
 Tracked objects:
		On entry : 
		On exit  : 
		Unchanged: 
 Data sizes:     COMRAM   BANK0   BANK1   BANK2   BANK3   BANK4   BANK5   BANK6   BANK7   BANK8   BANK9  BANK10  BANK11  BANK12  BANK13  BANK14
      Params:         0       0       0       0       0       0       0       0       0       0       0       0       0       0       0       0
      Locals:         1       0       0       0       0       0       0       0       0       0       0       0       0       0       0       0
      Temps:          0       0       0       0       0       0       0       0       0       0       0       0       0       0       0       0
      Totals:         1       0       0       0       0       0       0       0       0       0       0       0       0       0       0       0
Total ram usage:        1 bytes
 Hardware stack levels used:    1
 Hardware stack levels required when called:    1
 This function calls:
		_CAN_Receive
		_ProcessCANTransmits
 This function is called by:
		_main
 This function uses a non-reentrant model


 *************** function _ProcessCANTransmits *****************
 Defined at:
		line 39 in file "ProcessCAN.c"
 Parameters:    Size  Location     Type
		None
 Auto vars:     Size  Location     Type
  State           1    1[COMRAM] unsigned char 
 Return value:  Size  Location     Type
		None               void
 Registers used:
		wreg, status,2, status,0
 Tracked objects:
		On entry : 
		On exit  : 
		Unchanged: 
 Data sizes:     COMRAM   BANK0   BANK1   BANK2   BANK3   BANK4   BANK5   BANK6   BANK7   BANK8   BANK9  BANK10  BANK11  BANK12  BANK13  BANK14
      Params:         0       0       0       0       0       0       0       0       0       0       0       0       0       0       0       0
      Locals:         1       0       0       0       0       0       0       0       0       0       0       0       0       0       0       0
      Temps:          1       0       0       0       0       0       0       0       0       0       0       0       0       0       0       0
      Totals:         2       0       0       0       0       0       0       0       0       0       0       0       0       0       0       0
Total ram usage:        2 bytes
 Hardware stack levels used:    1
 This function calls:
		Nothing
 This function is called by:
		_ProcessCAN
 This function uses a non-reentrant model


 *************** function _CAN_Receive *****************
 Defined at:
		line 98 in file "CAN.c"
 Parameters:    Size  Location     Type
		None
 Auto vars:     Size  Location     Type
		None
 Return value:  Size  Location     Type
                  1    wreg      unsigned char 
 Registers used:
		wreg, status,2, status,0
 Tracked objects:
		On entry : 
		On exit  : 
		Unchanged: 
 Data sizes:     COMRAM   BANK0   BANK1   BANK2   BANK3   BANK4   BANK5   BANK6   BANK7   BANK8   BANK9  BANK10  BANK11  BANK12  BANK13  BANK14
      Params:         0       0       0       0       0       0       0       0       0       0       0       0       0       0       0       0
      Locals:         0       0       0       0       0       0       0       0       0       0       0       0       0       0       0       0
      Temps:          4       0       0       0       0       0       0       0       0       0       0       0       0       0       0       0
      Totals:         4       0       0       0       0       0       0       0       0       0       0       0       0       0       0       0
Total ram usage:        4 bytes
 Hardware stack levels used:    1
 This function calls:
		Nothing
 This function is called by:
		_ProcessCAN
 This function uses a non-reentrant model


 *************** function _Setup *****************
 Defined at:
		line 6 in file "Config.c"
 Parameters:    Size  Location     Type
		None
 Auto vars:     Size  Location     Type
		None
 Return value:  Size  Location     Type
		None               void
 Registers used:
		wreg, status,2, status,0, cstack
 Tracked objects:
		On entry : 
		On exit  : 
		Unchanged: 
 Data sizes:     COMRAM   BANK0   BANK1   BANK2   BANK3   BANK4   BANK5   BANK6   BANK7   BANK8   BANK9  BANK10  BANK11  BANK12  BANK13  BANK14
      Params:         0       0       0       0       0       0       0       0       0       0       0       0       0       0       0       0
      Locals:         0       0       0       0       0       0       0       0       0       0       0       0       0       0       0       0
      Temps:          0       0       0       0       0       0       0       0       0       0       0       0       0       0       0       0
      Totals:         0       0       0       0       0       0       0       0       0       0       0       0       0       0       0       0
Total ram usage:        0 bytes
 Hardware stack levels used:    1
 Hardware stack levels required when called:    1
 This function calls:
		_CAN_Setup
 This function is called by:
		_main
 This function uses a non-reentrant model


 *************** function _CAN_Setup *****************
 Defined at:
		line 6 in file "CAN.c"
 Parameters:    Size  Location     Type
		None
 Auto vars:     Size  Location     Type
		None
 Return value:  Size  Location     Type
		None               void
 Registers used:
		wreg, status,2, status,0
 Tracked objects:
		On entry : 
		On exit  : 
		Unchanged: 
 Data sizes:     COMRAM   BANK0   BANK1   BANK2   BANK3   BANK4   BANK5   BANK6   BANK7   BANK8   BANK9  BANK10  BANK11  BANK12  BANK13  BANK14
      Params:         0       0       0       0       0       0       0       0       0       0       0       0       0       0       0       0
      Locals:         0       0       0       0       0       0       0       0       0       0       0       0       0       0       0       0
      Temps:          0       0       0       0       0       0       0       0       0       0       0       0       0       0       0       0
      Totals:         0       0       0       0       0       0       0       0       0       0       0       0       0       0       0       0
Total ram usage:        0 bytes
 Hardware stack levels used:    1
 This function calls:
		Nothing
 This function is called by:
		_Setup
 This function uses a non-reentrant model



MODULE INFORMATION

Module		Function		Class		Link	Load	Size
ProcessCAN.c
		_ProcessCANTran		CODE           	7D5C	0000	90
		_ProcessCAN    		CODE           	7E4E	0000	162

ProcessCAN.c estimated size: 252

shared
		__initializatio		CODE           	7D22	0000	12

shared estimated size: 12

main.c
		_main          		CODE           	7D16	0000	12

main.c estimated size: 12

Config.c
		_Setup         		CODE           	7D34	0000	40

Config.c estimated size: 40

CAN.c
		_CAN_Setup     		CODE           	7EF0	0000	272
		_CAN_Receive   		CODE           	7DB6	0000	152

CAN.c estimated size: 424

